<mxGraphModel>
	<root>
		<mxCell id="0" />
		<mxCell id="1" parent="0" />
<mxCell id="da6247fd-0679-ddbd-3294-b327594e85ba" value="test-storage" style="html=1;image;image=img/lib/azure2/storage/Storage_Accounts.svg;fontSize=12;labelPosition=bottom" vertex="1" parent="1">
    <mxGeometry x="-25" y="500" width="50" height="50" 
    as="geometry" />
</mxCell>


	</root>
</mxGraphModel>